# Existing public API doctest gaps when the L12 scanner landed.
# Format: relative/path<TAB>public item signature
arch/src/platform.rs	pub fn install_platform() -> Result<(), InstallError>
arch/src/profiler.rs	pub static __llvm_profile_runtime: i32
arch/src/sys/errno.rs	pub const EADDRINUSE: Errno
arch/src/sys/errno.rs	pub const EAGAIN: Errno
arch/src/sys/errno.rs	pub const EBADF: Errno
arch/src/sys/errno.rs	pub const ECONNREFUSED: Errno
arch/src/sys/errno.rs	pub const EFAULT: Errno
arch/src/sys/errno.rs	pub const EINVAL: Errno
arch/src/sys/errno.rs	pub const ENOENT: Errno
arch/src/sys/errno.rs	pub const ENOMEM: Errno
arch/src/sys/errno.rs	pub const ENOTTY: Errno
arch/src/sys/errno.rs	pub const EOPNOTSUPP: Errno
arch/src/sys/errno.rs	pub const EPIPE: Errno
arch/src/sys/errno.rs	pub const EWOULDBLOCK: Errno
arch/src/sys/linux_aarch64/mod.rs	pub unsafe fn clone_into(
arch/src/sys/linux_aarch64/raw.rs	pub const ACCEPT: usize
arch/src/sys/linux_aarch64/raw.rs	pub const BIND: usize
arch/src/sys/linux_aarch64/raw.rs	pub const CLOCK_GETTIME: usize
arch/src/sys/linux_aarch64/raw.rs	pub const CLONE: usize
arch/src/sys/linux_aarch64/raw.rs	pub const CLOSE: usize
arch/src/sys/linux_aarch64/raw.rs	pub const CONNECT: usize
arch/src/sys/linux_aarch64/raw.rs	pub const EXIT_GROUP: usize
arch/src/sys/linux_aarch64/raw.rs	pub const EXIT: usize
arch/src/sys/linux_aarch64/raw.rs	pub const FUTEX: usize
arch/src/sys/linux_aarch64/raw.rs	pub const GETTID: usize
arch/src/sys/linux_aarch64/raw.rs	pub const IOCTL: usize
arch/src/sys/linux_aarch64/raw.rs	pub const LISTEN: usize
arch/src/sys/linux_aarch64/raw.rs	pub const MMAP: usize
arch/src/sys/linux_aarch64/raw.rs	pub const MPROTECT: usize
arch/src/sys/linux_aarch64/raw.rs	pub const MUNMAP: usize
arch/src/sys/linux_aarch64/raw.rs	pub const OPENAT: usize
arch/src/sys/linux_aarch64/raw.rs	pub const READ: usize
arch/src/sys/linux_aarch64/raw.rs	pub const SENDTO: usize
arch/src/sys/linux_aarch64/raw.rs	pub const SOCKET: usize
arch/src/sys/linux_aarch64/raw.rs	pub const UNLINKAT: usize
arch/src/sys/linux_aarch64/raw.rs	pub const WRITE: usize
arch/src/sys/linux_aarch64/raw.rs	pub unsafe fn syscall1_noreturn(nr: usize, a1: usize) -> !
arch/src/sys/linux_x86_64/mod.rs	pub unsafe fn clone_into(
arch/src/sys/linux_x86_64/raw.rs	pub const ACCEPT: usize
arch/src/sys/linux_x86_64/raw.rs	pub const BIND: usize
arch/src/sys/linux_x86_64/raw.rs	pub const CLOCK_GETTIME: usize
arch/src/sys/linux_x86_64/raw.rs	pub const CLONE: usize
arch/src/sys/linux_x86_64/raw.rs	pub const CLOSE: usize
arch/src/sys/linux_x86_64/raw.rs	pub const CONNECT: usize
arch/src/sys/linux_x86_64/raw.rs	pub const EXIT_GROUP: usize
arch/src/sys/linux_x86_64/raw.rs	pub const EXIT: usize
arch/src/sys/linux_x86_64/raw.rs	pub const FUTEX: usize
arch/src/sys/linux_x86_64/raw.rs	pub const GETTID: usize
arch/src/sys/linux_x86_64/raw.rs	pub const IOCTL: usize
arch/src/sys/linux_x86_64/raw.rs	pub const LISTEN: usize
arch/src/sys/linux_x86_64/raw.rs	pub const MMAP: usize
arch/src/sys/linux_x86_64/raw.rs	pub const MPROTECT: usize
arch/src/sys/linux_x86_64/raw.rs	pub const MUNMAP: usize
arch/src/sys/linux_x86_64/raw.rs	pub const OPENAT: usize
arch/src/sys/linux_x86_64/raw.rs	pub const READ: usize
arch/src/sys/linux_x86_64/raw.rs	pub const SENDTO: usize
arch/src/sys/linux_x86_64/raw.rs	pub const SOCKET: usize
arch/src/sys/linux_x86_64/raw.rs	pub const UNLINKAT: usize
arch/src/sys/linux_x86_64/raw.rs	pub const WRITE: usize
arch/src/sys/linux_x86_64/raw.rs	pub unsafe fn syscall1_noreturn(nr: usize, a1: usize) -> !
arch/src/sys/net.rs	pub const AF_UNIX: u16
arch/src/sys/net.rs	pub const SOCK_CLOEXEC: usize
arch/src/sys/net.rs	pub const SOCK_STREAM: usize
arch/src/sys/net.rs	pub const UNIX_PATH_MAX: usize
arch/src/sys/none_aarch64/arena.rs	pub fn alloc_pages(len: usize) -> Result<usize, Errno>
arch/src/sys/none_aarch64/mod.rs	pub const unsafe fn clone_into(
arch/src/sys/none_aarch64/semihost.rs	pub fn exit(code: i32) -> !
arch/src/sys/none_aarch64/timer.rs	pub fn counter() -> u64
arch/src/sys/none_aarch64/timer.rs	pub fn frequency() -> u64
arch/src/sys/none_aarch64/uart.rs	pub fn write_bytes(buf: &[u8])
arch/src/sys/none_aarch64/wrap.rs	pub const AT_FDCWD: i32
arch/src/sys/none_aarch64/wrap.rs	pub const CLOCK_MONOTONIC: usize
arch/src/sys/none_aarch64/wrap.rs	pub const CLOCK_REALTIME: usize
arch/src/sys/none_aarch64/wrap.rs	pub const CLONE_CHILD_CLEARTID: usize
arch/src/sys/none_aarch64/wrap.rs	pub const CLONE_FILES: usize
arch/src/sys/none_aarch64/wrap.rs	pub const CLONE_FS: usize
arch/src/sys/none_aarch64/wrap.rs	pub const CLONE_PARENT_SETTID: usize
arch/src/sys/none_aarch64/wrap.rs	pub const CLONE_SIGHAND: usize
arch/src/sys/none_aarch64/wrap.rs	pub const CLONE_SYSVSEM: usize
arch/src/sys/none_aarch64/wrap.rs	pub const CLONE_THREAD: usize
arch/src/sys/none_aarch64/wrap.rs	pub const CLONE_VM: usize
arch/src/sys/none_aarch64/wrap.rs	pub const fn close(_fd: i32) -> Result<usize, Errno>
arch/src/sys/none_aarch64/wrap.rs	pub const fn gettid() -> i32
arch/src/sys/none_aarch64/wrap.rs	pub const fn mprotect(_addr: usize, _len: usize, _prot: usize) -> Result<usize, Errno>
arch/src/sys/none_aarch64/wrap.rs	pub const fn munmap(_addr: usize, _len: usize) -> Result<usize, Errno>
arch/src/sys/none_aarch64/wrap.rs	pub const fn openat(
arch/src/sys/none_aarch64/wrap.rs	pub const fn read(fd: i32, _buf: &mut [u8]) -> Result<usize, Errno>
arch/src/sys/none_aarch64/wrap.rs	pub const FUTEX_PRIVATE_FLAG: usize
arch/src/sys/none_aarch64/wrap.rs	pub const FUTEX_WAIT: usize
arch/src/sys/none_aarch64/wrap.rs	pub const FUTEX_WAKE: usize
arch/src/sys/none_aarch64/wrap.rs	pub const MAP_ANONYMOUS: usize
arch/src/sys/none_aarch64/wrap.rs	pub const MAP_FAILED: usize
arch/src/sys/none_aarch64/wrap.rs	pub const MAP_PRIVATE: usize
arch/src/sys/none_aarch64/wrap.rs	pub const O_CLOEXEC: usize
arch/src/sys/none_aarch64/wrap.rs	pub const O_CREAT: usize
arch/src/sys/none_aarch64/wrap.rs	pub const O_RDONLY: usize
arch/src/sys/none_aarch64/wrap.rs	pub const O_TRUNC: usize
arch/src/sys/none_aarch64/wrap.rs	pub const O_WRONLY: usize
arch/src/sys/none_aarch64/wrap.rs	pub const PROT_NONE: usize
arch/src/sys/none_aarch64/wrap.rs	pub const PROT_READ: usize
arch/src/sys/none_aarch64/wrap.rs	pub const PROT_WRITE: usize
arch/src/sys/none_aarch64/wrap.rs	pub fn clock_gettime(clockid: usize, tp: &mut Timespec) -> Result<usize, Errno>
arch/src/sys/none_aarch64/wrap.rs	pub fn exit(code: i32) -> !
arch/src/sys/none_aarch64/wrap.rs	pub fn exit_group(code: i32) -> !
arch/src/sys/none_aarch64/wrap.rs	pub fn futex(
arch/src/sys/none_aarch64/wrap.rs	pub fn mmap(
arch/src/sys/none_aarch64/wrap.rs	pub fn write(fd: i32, buf: &[u8]) -> Result<usize, Errno>
arch/src/sys/none_aarch64/wrap.rs	pub struct Timespec
arch/src/sys/term.rs	pub const BRKINT: u32
arch/src/sys/term.rs	pub const ECHOE: u32
arch/src/sys/term.rs	pub const ECHOK: u32
arch/src/sys/term.rs	pub const ECHO: u32
arch/src/sys/term.rs	pub const ICANON: u32
arch/src/sys/term.rs	pub const ICRNL: u32
arch/src/sys/term.rs	pub const INPCK: u32
arch/src/sys/term.rs	pub const ISIG: u32
arch/src/sys/term.rs	pub const ISTRIP: u32
arch/src/sys/term.rs	pub const IXON: u32
arch/src/sys/term.rs	pub const NCCS: usize
arch/src/sys/term.rs	pub const OPOST: u32
arch/src/sys/term.rs	pub const TCGETS: usize
arch/src/sys/term.rs	pub const TCSETS: usize
arch/src/sys/term.rs	pub const VMIN: usize
arch/src/sys/term.rs	pub const VTIME: usize
arch/src/sys/wrap.rs	pub const AT_FDCWD: i32
arch/src/sys/wrap.rs	pub const AT_REMOVEDIR: usize
arch/src/sys/wrap.rs	pub const CLOCK_MONOTONIC: usize
arch/src/sys/wrap.rs	pub const CLOCK_REALTIME: usize
arch/src/sys/wrap.rs	pub const CLONE_CHILD_CLEARTID: usize
arch/src/sys/wrap.rs	pub const CLONE_FILES: usize
arch/src/sys/wrap.rs	pub const CLONE_FS: usize
arch/src/sys/wrap.rs	pub const CLONE_PARENT_SETTID: usize
arch/src/sys/wrap.rs	pub const CLONE_SIGHAND: usize
arch/src/sys/wrap.rs	pub const CLONE_SYSVSEM: usize
arch/src/sys/wrap.rs	pub const CLONE_THREAD: usize
arch/src/sys/wrap.rs	pub const CLONE_VM: usize
arch/src/sys/wrap.rs	pub const FUTEX_PRIVATE_FLAG: usize
arch/src/sys/wrap.rs	pub const FUTEX_WAIT: usize
arch/src/sys/wrap.rs	pub const FUTEX_WAKE: usize
arch/src/sys/wrap.rs	pub const MAP_ANONYMOUS: usize
arch/src/sys/wrap.rs	pub const MAP_FAILED: usize
arch/src/sys/wrap.rs	pub const MAP_PRIVATE: usize
arch/src/sys/wrap.rs	pub const MSG_NOSIGNAL: usize
arch/src/sys/wrap.rs	pub const O_CLOEXEC: usize
arch/src/sys/wrap.rs	pub const O_CREAT: usize
arch/src/sys/wrap.rs	pub const O_RDONLY: usize
arch/src/sys/wrap.rs	pub const O_TRUNC: usize
arch/src/sys/wrap.rs	pub const O_WRONLY: usize
arch/src/sys/wrap.rs	pub const PROT_NONE: usize
arch/src/sys/wrap.rs	pub const PROT_READ: usize
arch/src/sys/wrap.rs	pub const PROT_WRITE: usize
arch/src/testrt/mod.rs	pub fn check(cond: bool, msg: &str)
lib/depgraph/src/lib.rs	pub fn default_for(root: &Path) -> Result<Self, ProbeError>
lib/depgraph/src/lib.rs	pub fn validate(&self, path: &Path) -> Result<(), ProbeError>
lib/depgraph/src/toml.rs	pub enum TomlValue
lib/depgraph/src/toml.rs	pub struct TomlDoc
lib/ds/src/lib.rs	pub fn contended_transitions() -> usize
lib/ds/src/lib.rs	pub fn rwlock_reader_cas_retry() -> usize
lib/ds/src/lib.rs	pub fn rwlock_reader_waits() -> usize
lib/ds/src/lib.rs	pub fn rwlock_writer_lost_cas() -> usize
lib/ds/src/lib.rs	pub fn waits_entered() -> usize
lib/ds/src/map.rs	pub const FIRST_CAPACITY: usize
lib/ds/src/map.rs	pub const fn cyclic_in_range(hole: usize, scan: usize, x: usize) -> bool
lib/ds/src/map.rs	pub fn alloc_buckets(cap: usize) -> Result<NonNull<Bucket<K, V>>, AllocError>
lib/ds/src/map.rs	pub fn layout_for(n: usize) -> Result<Layout, AllocError>
lib/ds/src/map.rs	pub struct MapIter<'a, K, V>
lib/ds/src/ring.rs	pub struct RingIter<'a, T>
lib/ds/src/rwlock.rs	pub fn reader_count(&self) -> u32
lib/ds/src/rwlock.rs	pub struct RwLockReadGuard<'a, T>
lib/ds/src/rwlock.rs	pub struct RwLockWriteGuard<'a, T>
lib/ds/src/seq.rs	pub const FIRST_CAPACITY: usize
lib/ds/src/shared.rs	pub const fn refcount_overflowed(old: usize) -> bool
lib/ds/src/shared.rs	pub const MAX_REFCOUNT: usize
uapi/abi/src/config.rs	pub union ConfigValue
uapi/abi/src/service.rs	pub const SERVICE_DROP_MAY_CALL_HOSTAPI: u32
uapi/abi/src/service.rs	pub const SERVICE_HOSTAPI_REENTRANT: u32
uapi/abi/src/service.rs	pub const SERVICE_SYNC_SAFE: u32
uapi/protocol/src/codec.rs	pub const LEN_PREFIX: usize
uapi/protocol/src/frame.rs	pub const FLAG_COMPRESSED: u16
uapi/protocol/src/frame.rs	pub const FLAG_MORE: u16
uapi/protocol/src/frame.rs	pub const FLAG_V1_ACCEPT_MASK: u16
uapi/protocol/src/frame.rs	pub const HEADER_LEN: usize
uapi/protocol/src/messages.rs	pub struct Attach<'a>
uapi/protocol/src/messages.rs	pub struct AttachAck<'a>
uapi/protocol/src/messages.rs	pub struct AttachEventClientLeft<'a>
uapi/protocol/src/messages.rs	pub struct AttachEventCursor<'a>
uapi/protocol/src/messages.rs	pub struct AttachEventDiff<'a>
uapi/protocol/src/messages.rs	pub struct AttachEventDomainTableDelta<'a>
uapi/protocol/src/messages.rs	pub struct AttachEventFrame<'a>
uapi/protocol/src/messages.rs	pub struct AttachEventProjection<'a>
uapi/protocol/src/messages.rs	pub struct AttachEventServerDraining
uapi/protocol/src/messages.rs	pub struct AttachEventSessionDestroyed<'a>
uapi/protocol/src/messages.rs	pub struct AttachEventSessionPivot<'a>
uapi/protocol/src/messages.rs	pub struct ConfigDump<'a>
uapi/protocol/src/messages.rs	pub struct ConfigDumpResponse<'a>
uapi/protocol/src/messages.rs	pub struct ConfigValidate<'a>
uapi/protocol/src/messages.rs	pub struct ConfigValidateResponse<'a>
uapi/protocol/src/messages.rs	pub struct DebugDrive<'a>
uapi/protocol/src/messages.rs	pub struct DebugDriveAck<'a>
uapi/protocol/src/messages.rs	pub struct DebugRead<'a>
uapi/protocol/src/messages.rs	pub struct DebugReadEvent<'a>
uapi/protocol/src/messages.rs	pub struct DestroySession<'a>
uapi/protocol/src/messages.rs	pub struct DestroySessionAck;
uapi/protocol/src/messages.rs	pub struct Detach<'a>
uapi/protocol/src/messages.rs	pub struct DetachAck;
uapi/protocol/src/messages.rs	pub struct HelloAck<'a>
uapi/protocol/src/messages.rs	pub struct InputAck
uapi/protocol/src/messages.rs	pub struct PkgSync<'a>
uapi/protocol/src/messages.rs	pub struct PkgSyncDone<'a>
uapi/protocol/src/messages.rs	pub struct PkgSyncProgress<'a>
uapi/protocol/src/messages.rs	pub struct PkgVerify<'a>
uapi/protocol/src/messages.rs	pub struct PkgVerifyAck<'a>
uapi/protocol/src/messages.rs	pub struct Reject<'a>
uapi/protocol/src/messages.rs	pub struct RenameSession<'a>
uapi/protocol/src/messages.rs	pub struct RenameSessionAck;
uapi/protocol/src/messages.rs	pub struct SendInput<'a>
uapi/protocol/src/messages.rs	pub struct SwitchSession<'a>
uapi/protocol/src/messages.rs	pub struct SwitchSessionAck;
uapi/protocol/src/messages.rs	pub trait Message
uapi/protocol/src/state.rs	pub enum Action
uapi/protocol/src/state.rs	pub enum Phase
uapi/protocol/src/state.rs	pub enum RejectReason
uapi/protocol/src/state.rs	pub enum Role
uapi/protocol/src/state.rs	pub enum TagInfo
uapi/protocol/src/view.rs	pub const fn is_empty(&self) -> bool
uapi/protocol/src/view.rs	pub const fn iter(&self) -> CarrierIter<'a>
uapi/protocol/src/view.rs	pub const fn iter(&self) -> DomainEntryIter<'a>
uapi/protocol/src/view.rs	pub const fn len(&self) -> usize
uapi/protocol/src/view.rs	pub struct CarrierIter<'a>
uapi/protocol/src/view.rs	pub struct DomainEntryIter<'a>
uapi/protocol/src/view.rs	pub struct RawInputIter<'a>
uapi/protocol/src/view.rs	pub struct StrListIter<'a>
arch/src/sys/none_aarch64/framebuffer.rs	pub struct Framebuffer
arch/src/sys/none_aarch64/framebuffer.rs	pub const fn width(&self) -> u32
arch/src/sys/none_aarch64/framebuffer.rs	pub const fn height(&self) -> u32
arch/src/sys/none_aarch64/framebuffer.rs	pub const fn pitch(&self) -> u32
arch/src/sys/none_aarch64/framebuffer.rs	pub const fn base(&self) -> usize
arch/src/sys/none_aarch64/framebuffer.rs	pub fn put_pixel(&self, x: u32, y: u32, color: u32)
arch/src/sys/none_aarch64/framebuffer.rs	pub fn clear(&self, color: u32)
arch/src/sys/none_aarch64/framebuffer.rs	pub fn init() -> Option<Framebuffer>
arch/src/sys/none_aarch64/console.rs	pub struct Console
arch/src/sys/none_aarch64/console.rs	pub fn new(fb: Framebuffer, fg: u32, bg: u32, scale: u32) -> Self
arch/src/sys/none_aarch64/console.rs	pub fn print(&mut self, s: &str)
arch/src/sys/none_aarch64/console.rs	pub fn write_bytes(&mut self, buf: &[u8])
arch/src/sys/none_aarch64/console.rs	pub fn install(console: Console)
